========================================
KijaniKiosk Post Deployment Monitor
Confidence Window : 60s
Polling Interval  : 5s
========================================
19:16:21 [OK] green healthy
19:16:26 [OK] green healthy
19:16:31 [OK] green healthy
19:16:36 [OK] green healthy
19:16:42 [OK] green healthy
19:16:47 [OK] green healthy
19:16:52 [OK] green healthy
19:16:57 [FAIL 1/12] Health check failed
19:17:02 [FAIL 2/12] Health check failed
19:17:07 [FAIL 3/12] Health check failed
19:17:12 [FAIL 4/12] Health check failed
19:17:17 [FAIL 5/12] Health check failed
19:17:22 [FAIL 6/12] Health check failed
19:17:27 [FAIL 7/12] Health check failed
19:17:32 [FAIL 8/12] Health check failed
19:17:37 [FAIL 9/12] Health check failed
19:17:42 [FAIL 10/12] Health check failed
19:17:47 [FAIL 11/12] Health check failed
19:17:52 [FAIL 12/12] Health check failed
19:17:52 [MONITOR FAIL] ROLLBACK TRIGGERED
Current environment : green
Target environment  : blue
Testing nginx...
Reloading nginx...
Checking application health...
Health check 1/10: <html>
<head><title>502 Bad Gateway</title></head>
<body>
<center><h1>502 Bad Gateway</h1></center>
<hr><center>nginx/1.24.0 (Ubuntu)</center>
</body>
</html>
Health check 2/10: {"status":"healthy","version":"1.3.0"}
Expected version 1.3.0 is serving through nginx.
Switch completed successfully.
19:17:54 Rollback complete.
