=== KijaniKiosk Blue/Green Switch Evidence ===
T0=2026-08-01 18:57:30

--- Starting state ---
Active environment: blue
Previous environment: green
Proxy health:
{"status":"healthy","version":"1.3.0"}
--- Switch output ---
Current environment : blue
Target environment  : green
Testing nginx...
nginx: the configuration file /etc/nginx/nginx.conf syntax is ok
nginx: configuration file /etc/nginx/nginx.conf test is successful
Reloading nginx...
Checking application health...
Health check 1/10: {"status":"healthy","version":"1.3.0"}
Health check 2/10: {"status":"healthy","version":"1.4.0"}
Expected version 1.4.0 is serving through nginx.
Switch completed successfully.

T1=2026-08-01 18:57:37

--- Final state ---
Proxy health:
{"status":"healthy","version":"1.4.0"}Active environment: green
Previous environment: blue

--- Active nginx configuration ---
upstream kk-api-green {
    server 127.0.0.1:3001;
}

upstream kk-api-active {
    server 127.0.0.1:3001;
}
